
Allocating common symbols
Common symbol       size              file

periph_clk_khz      0x4               out/system_k60.o

Memory Configuration

Name             Origin             Length             Attributes
VECTORS          0x00000000         0x00000410         xr
FLASH            0x00000800         0x0007f800         xr
SRAM_U           0x1fff0000         0x00010000         xrw
SRAM_L           0x20000000         0x00010000         xrw
*default*        0x00000000         0xffffffff

Linker script and memory map

LOAD out/main.o
LOAD out/startup_k60.o
LOAD out/system_k60.o
START GROUP
LOAD /home/moker/smart_car/src/gcc-arm-none-eabi-4_7-2013q3/bin/../lib/gcc/arm-none-eabi/4.7.4/armv7e-m/libgcc.a
LOAD /home/moker/smart_car/src/gcc-arm-none-eabi-4_7-2013q3/bin/../lib/gcc/arm-none-eabi/4.7.4/../../../../arm-none-eabi/lib/armv7e-m/libg.a
LOAD /home/moker/smart_car/src/gcc-arm-none-eabi-4_7-2013q3/bin/../lib/gcc/arm-none-eabi/4.7.4/../../../../arm-none-eabi/lib/armv7e-m/libc.a
END GROUP

.vectortable    0x00000000      0x410
                0x00000000                __vector_table = .
                0x00000000                . = ALIGN (0x4)
 *(.vectors)
 .vectors       0x00000000      0x410 out/startup_k60.o
                0x00000000                g_pfnVectors
                0x00000410                . = ALIGN (0x4)

.text           0x00000800      0x3a0
                0x00000800                . = ALIGN (0x4)
 *(.text)
 .text          0x00000800      0x124 out/main.o
                0x00000800                main
                0x000008b4                PORTB_IRQHandler
 .text          0x00000924       0xac out/startup_k60.o
                0x00000924                CAN0_Rx_Warning_IRQHandler
                0x00000924                I2C0_IRQHandler
                0x00000924                CAN1_ORed_Message_buffer_IRQHandler
                0x00000924                UART3_RX_TX_IRQHandler
                0x00000924                UART0_RX_TX_IRQHandler
                0x00000924                I2C1_IRQHandler
                0x00000924                DMA2_IRQHandler
                0x00000924                ENET_Error_IRQHandler
                0x00000924                CAN0_Tx_Warning_IRQHandler
                0x00000924                PIT0_IRQHandler
                0x00000924                CAN0_ORed_Message_buffer_IRQHandler
                0x00000924                Watchdog_IRQHandler
                0x00000924                CMP2_IRQHandler
                0x00000924                I2S0_IRQHandler
                0x00000924                TSI0_IRQHandler
                0x00000924                ENET_Receive_IRQHandler
                0x00000924                ENET_1588_Timer_IRQHandler
                0x00000924                CAN1_Error_IRQHandler
                0x00000924                UART2_RX_TX_IRQHandler
                0x00000924                ADC0_IRQHandler
                0x00000924                CMT_IRQHandler
                0x00000924                UART4_RX_TX_IRQHandler
                0x00000924                SPI1_IRQHandler
                0x00000924                DMA9_IRQHandler
                0x00000924                DMA14_IRQHandler
                0x00000924                CMP1_IRQHandler
                0x00000924                PORTD_IRQHandler
                0x00000924                UART4_ERR_IRQHandler
                0x00000924                ADC1_IRQHandler
                0x00000924                PIT2_IRQHandler
                0x00000924                LPTimer_IRQHandler
                0x00000924                DMA5_IRQHandler
                0x00000924                RTC_IRQHandler
                0x00000924                PDB0_IRQHandler
                0x00000924                CAN1_Bus_Off_IRQHandler
                0x00000924                FTM1_IRQHandler
                0x00000924                UART5_RX_TX_IRQHandler
                0x00000924                UART3_ERR_IRQHandler
                0x00000924                PIT3_IRQHandler
                0x00000924                SDHC_IRQHandler
                0x00000924                MCG_IRQHandler
                0x00000924                UART2_ERR_IRQHandler
                0x00000924                DMA11_IRQHandler
                0x00000924                UART5_ERR_IRQHandler
                0x00000924                Read_Collision_IRQHandler
                0x00000924                Default_Handler
                0x00000924                DMA7_IRQHandler
                0x00000924                ENET_Transmit_IRQHandler
                0x00000924                USB_IRQHandler
                0x00000924                CAN1_Tx_Warning_IRQHandler
                0x00000924                USB0_IRQHandler
                0x00000924                LLW_IRQHandler
                0x00000924                SPI2_IRQHandler
                0x00000924                CAN1_Rx_Warning_IRQHandler
                0x00000924                CAN1_Wake_Up_IRQHandler
                0x00000924                DMA13_IRQHandler
                0x00000924                DMA3_IRQHandler
                0x00000924                RNG_IRQHandler
                0x00000924                DMA0_IRQHandler
                0x00000924                DMA15_IRQHandler
                0x00000924                DAC0_IRQHandler
                0x00000924                Software_IRQHandler
                0x00000924                CAN0_Error_IRQHandler
                0x00000924                DMA4_IRQHandler
                0x00000924                PIT1_IRQHandler
                0x00000924                UART0_ERR_IRQHandler
                0x00000924                DMA_Error_IRQHandler
                0x00000924                LVD_LVW_IRQHandler
                0x00000924                SPI0_IRQHandler
                0x00000924                FTM0_IRQHandler
                0x00000924                PORTA_IRQHandler
                0x00000924                DAC1_IRQHandler
                0x00000924                MCM_IRQHandler
                0x00000924                DMA12_IRQHandler
                0x00000924                FTFL_IRQHandler
                0x00000924                CAN0_Bus_Off_IRQHandler
                0x00000924                PORTE_IRQHandler
                0x00000924                FTM2_IRQHandler
                0x00000924                DMA8_IRQHandler
                0x00000924                DMA10_IRQHandler
                0x00000924                CAN0_Wake_Up_IRQHandler
                0x00000924                UART1_ERR_IRQHandler
                0x00000924                UART1_RX_TX_IRQHandler
                0x00000924                CMP0_IRQHandler
                0x00000924                PORTC_IRQHandler
                0x00000924                DMA6_IRQHandler
                0x00000924                DMA1_IRQHandler
                0x0000092c                Reset_Handler
 .text          0x000009d0      0x1d0 out/system_k60.o
                0x000009d0                SystemInit
 *(.text*)
 *(.rodata)
 *(.rodata*)
 *(.glue_7)
 .glue_7        0x00000000        0x0 linker stubs
 *(.glue_7t)
 .glue_7t       0x00000000        0x0 linker stubs
 *(.eh_frame)
 *(.init)
 *(.fini)
                0x00000ba0                . = ALIGN (0x4)
                0x00000ba0                _etext = .

.vfp11_veneer   0x00000ba0        0x0
 .vfp11_veneer  0x00000000        0x0 linker stubs

.v4_bx          0x00000ba0        0x0
 .v4_bx         0x00000000        0x0 linker stubs

.iplt           0x00000ba0        0x0
 .iplt          0x00000000        0x0 out/main.o

.rel.dyn        0x00000ba0        0x0
 .rel.iplt      0x00000000        0x0 out/main.o

.ARM.extab
 *(.ARM.extab* .gnu.linkonce.armextab.*)
                0x00000ba0                __exidx_start = .

.ARM.exidx
 *(.ARM.exidx* .gnu.linkonce.armexidx.*)
                0x00000ba0                __exidx_end = .

.preinit_array  0x00000ba0        0x0
                0x00000ba0                PROVIDE (__preinit_array_start, .)
 *(.preinit_array*)
                0x00000ba0                PROVIDE (__preinit_array_end, .)

.init_array     0x00000ba0        0x0
                0x00000ba0                PROVIDE (__init_array_start, .)
 *(SORT(.init_array.*))
 *(.init_array*)
                0x00000ba0                PROVIDE (__init_array_end, .)

.fini_array     0x00000ba0        0x0
                0x00000ba0                PROVIDE (__fini_array_start, .)
 *(SORT(.fini_array.*))
 *(.fini_array*)
                0x00000ba0                PROVIDE (__fini_array_end, .)
                0x00000ba0                __etext = .

.data           0x1fff0000        0x4 load address 0x00000ba0
                0x1fff0000                . = ALIGN (0x4)
                0x1fff0000                _sdata = .
 *(.data)
 .data          0x1fff0000        0x0 out/main.o
 .data          0x1fff0000        0x0 out/startup_k60.o
 .data          0x1fff0000        0x4 out/system_k60.o
                0x1fff0000                core_clk_mhz
 *(.data*)
                0x1fff0004                . = ALIGN (0x4)
                0x1fff0004                _edata = .

.igot.plt       0x1fff0004        0x0 load address 0x00000ba4
 .igot.plt      0x00000000        0x0 out/main.o
                0x1fff0004                . = ALIGN (0x4)

.bss            0x1fff0004        0x4 load address 0x00000ba4
                0x1fff0004                _sbss = .
 *(.bss)
 .bss           0x1fff0004        0x0 out/main.o
 .bss           0x1fff0004        0x0 out/startup_k60.o
 .bss           0x1fff0004        0x0 out/system_k60.o
 *(.bss*)
 *(COMMON)
 COMMON         0x1fff0004        0x4 out/system_k60.o
                0x1fff0004                periph_clk_khz
                0x1fff0008                . = ALIGN (0x4)
                0x1fff0008                _ebss = .

.heap           0x1fff0008        0x0
                0x1fff0008                __end__ = .
                0x1fff0008                end = __end__
 *(.heap*)
                0x1fff0008                __HeapLimit = .

.stack_dummy    0x1fff0008        0x0
 *(.stack*)
                0x20000000                __StackTop = (ORIGIN (SRAM_U) + 0x10000)
                0x20000000                __StackLimit = (__StackTop - SIZEOF (.stack_dummy))
                0x20000000                PROVIDE (__stack, __StackTop)
                0x00000001                ASSERT ((__StackLimit >= __HeapLimit), region RAM overflowed with stack)

.ARM.attributes
                0x00000000       0x33
 *(.ARM.attributes)
 .ARM.attributes
                0x00000000       0x33 out/main.o
 .ARM.attributes
                0x00000033       0x33 out/startup_k60.o
 .ARM.attributes
                0x00000066       0x33 out/system_k60.o
OUTPUT(out/k60_gpio_demo.elf elf32-littlearm)

.debug_info     0x00000000      0xa2e
 .debug_info    0x00000000      0x3bc out/main.o
 .debug_info    0x000003bc      0x103 out/startup_k60.o
 .debug_info    0x000004bf      0x56f out/system_k60.o

.debug_abbrev   0x00000000      0x2c6
 .debug_abbrev  0x00000000      0x11a out/main.o
 .debug_abbrev  0x0000011a       0xab out/startup_k60.o
 .debug_abbrev  0x000001c5      0x101 out/system_k60.o

.debug_loc      0x00000000      0x158
 .debug_loc     0x00000000       0xbc out/main.o
 .debug_loc     0x000000bc       0x64 out/startup_k60.o
 .debug_loc     0x00000120       0x38 out/system_k60.o

.debug_aranges  0x00000000       0x60
 .debug_aranges
                0x00000000       0x20 out/main.o
 .debug_aranges
                0x00000020       0x20 out/startup_k60.o
 .debug_aranges
                0x00000040       0x20 out/system_k60.o

.debug_line     0x00000000      0x2c1
 .debug_line    0x00000000      0x11f out/main.o
 .debug_line    0x0000011f       0x6d out/startup_k60.o
 .debug_line    0x0000018c      0x135 out/system_k60.o

.debug_str      0x00000000      0x3ec
 .debug_str     0x00000000      0x201 out/main.o
                                0x235 (size before relaxing)
 .debug_str     0x00000201       0x78 out/startup_k60.o
                                0x11c (size before relaxing)
 .debug_str     0x00000279      0x173 out/system_k60.o
                                0x2b8 (size before relaxing)

.comment        0x00000000       0x70
 .comment       0x00000000       0x70 out/main.o
                                 0x71 (size before relaxing)
 .comment       0x00000000       0x71 out/startup_k60.o
 .comment       0x00000000       0x71 out/system_k60.o

.debug_frame    0x00000000       0xec
 .debug_frame   0x00000000       0x78 out/main.o
 .debug_frame   0x00000078       0x48 out/startup_k60.o
 .debug_frame   0x000000c0       0x2c out/system_k60.o
